// Jest Snapshot v1, https://goo.gl/fbAQLP

exports[`Test en el componenten <AddCategory /> Test 1. Debe mostrar <AddCategory setCategories={setCategories} /> correctamente 1`] = `
<form
  onSubmit={[Function]}
>
  <input
    onChange={[Function]}
    type="text"
    value=""
  />
</form>
`;
